  Determining projects to restore...
  All projects are up-to-date for restore.
  Shared.Contracts -> D:\My Doc\AI Projects\Video Streaming service\src\Shared\Shared.Contracts\bin\Debug\net9.0\Shared.Contracts.dll
  Shared.BuildingBlocks -> D:\My Doc\AI Projects\Video Streaming service\src\Shared\Shared.BuildingBlocks\bin\Debug\net9.0\Shared.BuildingBlocks.dll
  VideoManagement.Domain -> D:\My Doc\AI Projects\Video Streaming service\src\Services\VideoManagement\VideoManagement.Domain\bin\Debug\net9.0\VideoManagement.Domain.dll
  Transcoding.Domain -> D:\My Doc\AI Projects\Video Streaming service\src\Services\Transcoding\Transcoding.Domain\bin\Debug\net9.0\Transcoding.Domain.dll
  Identity.Domain -> D:\My Doc\AI Projects\Video Streaming service\src\Services\Identity\Identity.Domain\bin\Debug\net9.0\Identity.Domain.dll
  Transcoding.Application -> D:\My Doc\AI Projects\Video Streaming service\src\Services\Transcoding\Transcoding.Application\bin\Debug\net9.0\Transcoding.Application.dll
  Streaming.API -> D:\My Doc\AI Projects\Video Streaming service\src\Services\Streaming\Streaming.API\bin\Debug\net9.0\Streaming.API.dll
  VideoManagement.Application -> D:\My Doc\AI Projects\Video Streaming service\src\Services\VideoManagement\VideoManagement.Application\bin\Debug\net9.0\VideoManagement.Application.dll
  Identity.Application -> D:\My Doc\AI Projects\Video Streaming service\src\Services\Identity\Identity.Application\bin\Debug\net9.0\Identity.Application.dll
  Transcoding.UnitTests -> D:\My Doc\AI Projects\Video Streaming service\tests\Services\Transcoding\Transcoding.UnitTests\bin\Debug\net9.0\Transcoding.UnitTests.dll
Test run for D:\My Doc\AI Projects\Video Streaming service\tests\Services\Transcoding\Transcoding.UnitTests\bin\Debug\net9.0\Transcoding.UnitTests.dll (.NETCoreApp,Version=v9.0)
VSTest version 17.14.1 (x64)

Starting test execution, please wait...
  VideoManagement.UnitTests -> D:\My Doc\AI Projects\Video Streaming service\tests\Services\VideoManagement\VideoManagement.UnitTests\bin\Debug\net9.0\VideoManagement.UnitTests.dll
Test run for D:\My Doc\AI Projects\Video Streaming service\tests\Services\VideoManagement\VideoManagement.UnitTests\bin\Debug\net9.0\VideoManagement.UnitTests.dll (.NETCoreApp,Version=v9.0)
A total of 1 test files matched the specified pattern.
  Streaming.UnitTests -> D:\My Doc\AI Projects\Video Streaming service\tests\Services\Streaming\Streaming.UnitTests\bin\Debug\net9.0\Streaming.UnitTests.dll
Test run for D:\My Doc\AI Projects\Video Streaming service\tests\Services\Streaming\Streaming.UnitTests\bin\Debug\net9.0\Streaming.UnitTests.dll (.NETCoreApp,Version=v9.0)
VSTest version 17.14.1 (x64)

VSTest version 17.14.1 (x64)

Starting test execution, please wait...
Starting test execution, please wait...
A total of 1 test files matched the specified pattern.
A total of 1 test files matched the specified pattern.
  Failed Transcoding.UnitTests.VideoUploadedConsumerTests.Consume_WithNewJob_ShouldProcessAndPublish [268 ms]
  Error Message:
   Moq.MockException : 
Expected invocation on the mock once, but was 2 times: repo => repo.UpdateAsync(It.Is<TranscodingJob>(j => (int)j.Status == 2), It.IsAny<CancellationToken>())

Performed invocations:

   Mock<ITranscodingJobRepository:1> (repo):

      ITranscodingJobRepository.GetByVideoIdAsync(e447696c-5d6b-47d7-9146-a88231a0b010, CancellationToken)
      ITranscodingJobRepository.AddAsync(TranscodingJob, CancellationToken)
      ITranscodingJobRepository.UpdateAsync(TranscodingJob, CancellationToken)
      ITranscodingJobRepository.UpdateAsync(TranscodingJob, CancellationToken)

  Stack Trace:
     at Moq.Mock.Verify(Mock mock, LambdaExpression expression, Times times, String failMessage) in /_/src/Moq/Mock.cs:line 332
   at Moq.Mock`1.Verify[TResult](Expression`1 expression, Func`1 times) in /_/src/Moq/Mock`1.cs:line 840
   at Transcoding.UnitTests.VideoUploadedConsumerTests.Consume_WithNewJob_ShouldProcessAndPublish() in D:\My Doc\AI Projects\Video Streaming service\tests\Services\Transcoding\Transcoding.UnitTests\VideoUploadedConsumerTests.cs:line 60
--- End of stack trace from previous location ---

Failed!  - Failed:     1, Passed:     1, Skipped:     0, Total:     2, Duration: 294 ms - Transcoding.UnitTests.dll (net9.0)
D:\My Doc\AI Projects\Video Streaming service\tests\Services\Identity\Identity.UnitTests\RegisterUserCommandHandlerTests.cs(41,42): error CS1061: 'IPasswordHashingService' does not contain a definition for 'Hash' and no accessible extension method 'Hash' accepting a first argument of type 'IPasswordHashingService' could be found (are you missing a using directive or an assembly reference?) [D:\My Doc\AI Projects\Video Streaming service\tests\Services\Identity\Identity.UnitTests\Identity.UnitTests.csproj]
D:\My Doc\AI Projects\Video Streaming service\tests\Services\Identity\Identity.UnitTests\RegisterUserCommandHandlerTests.cs(60,42): error CS1061: 'IPasswordHashingService' does not contain a definition for 'Hash' and no accessible extension method 'Hash' accepting a first argument of type 'IPasswordHashingService' could be found (are you missing a using directive or an assembly reference?) [D:\My Doc\AI Projects\Video Streaming service\tests\Services\Identity\Identity.UnitTests\Identity.UnitTests.csproj]

Passed!  - Failed:     0, Passed:     4, Skipped:     0, Total:     4, Duration: 254 ms - Streaming.UnitTests.dll (net9.0)
  Failed VideoManagement.UnitTests.UploadChunkCommandHandlerTests.Handle_WithValidChunk_ShouldAcknowledgeAndUploadToBlob [349 ms]
  Error Message:
   Expected result.TotalChunks to be 2, but found 1024 (difference of 1022).
  Stack Trace:
     at FluentAssertions.Numeric.NumericAssertionsBase`3.Be(T expected, String because, Object[] becauseArgs)
   at VideoManagement.UnitTests.UploadChunkCommandHandlerTests.Handle_WithValidChunk_ShouldAcknowledgeAndUploadToBlob() in D:\My Doc\AI Projects\Video Streaming service\tests\Services\VideoManagement\VideoManagement.UnitTests\UploadChunkCommandHandlerTests.cs:line 50
--- End of stack trace from previous location ---

Failed!  - Failed:     1, Passed:     2, Skipped:     0, Total:     3, Duration: 351 ms - VideoManagement.UnitTests.dll (net9.0)

Workload updates are available. Run `dotnet workload list` for more information.
